// Jest Snapshot v1, https://goo.gl/fbAQLP

exports[`Counter Component match snapshot 1`] = `[Function]`;
